// Jest Snapshot v1, https://goo.gl/fbAQLP

exports[`TaskResultContainer test snapshot does not changed 1`] = `
<TaskResultColumnContainer
  result={
    Object {
      "mark": 10,
      "pr": "http://example.com",
    }
  }
  status="Checked"
/>
`;
